// Jest Snapshot v1, https://goo.gl/fbAQLP

exports[`renders correctly 1`] = `
<View
  style={
    Object {
      "paddingBottom": 5,
      "paddingLeft": 15,
      "paddingRight": 15,
      "paddingTop": 5,
    }
  }
>
  <Text
    accessible={true}
    allowFontScaling={true}
    disabled={false}
    ellipsizeMode="tail"
    style={
      Object {
        "color": "#626262",
        "fontSize": 18,
      }
    }
  >
    Awesome Alert
  </Text>
</View>
`;
